PASS missing_world_is_not_the_afeix_origin
PASS null_world_during_teardown_is_not_the_afeix_origin
PASS standalone_tactical_world_without_assets_is_safe
PASS uninitialized_campaign_assets_are_safe
PASS assets_without_a_selected_origin_are_safe
PASS loaded_afeix_campaign_still_matches_the_origin
PASS native_bound_callback_is_rebound_to_actual_instance
PASS successful_actual_payment_unlocks_and_preserves_return
PASS receipt_records_actual_amount_and_deduplicates_id
PASS successful_callback_clears_runtime_context
PASS duplicate_finish_does_not_count_twice
PASS advance_is_persisted_without_early_unlock
PASS advance_followed_by_cancel_does_not_unlock
PASS cancelled_terminal_state_cannot_be_replayed_as_success
PASS advertised_count_maximum_without_real_payment_is_ignored
PASS ordinary_sale_after_finish_is_not_contract_income
PASS finish_before_final_payment_is_supported
PASS actual_money_delta_beats_requested_amount
PASS no_positive_balance_change_does_not_unlock
PASS negative_and_zero_transactions_are_not_receipts
PASS set_screen_start_preserves_default_arguments_and_context
PASS state_update_and_combat_callbacks_capture_actual_payments
PASS synchronous_event_reward_cannot_leak_into_contract_receipt
PASS event_context_restores_contract_then_outer_context
PASS exception_restores_nested_previous_context
PASS exception_does_not_tag_later_external_payment
PASS failed_native_finish_is_not_success_and_restores_context
PASS native_manager_must_actually_close_contract
PASS payment_inside_native_finish_is_captured
PASS reload_retains_receipt_but_discards_runtime_context
PASS pre_save_advance_and_post_load_success_count_once
PASS other_origins_keep_native_payment_without_afeix_flags
PASS won_paid_contract_awards_eight_percent
PASS sponsorship_never_sponsors_itself_or_leaks_context
PASS reopening_and_replaying_completion_cannot_duplicate_income
PASS retraining_does_not_reprice_settled_sponsorship
PASS advance_without_completion_has_no_sponsorship
PASS split_final_reward_adds_only_the_unpaid_difference
PASS reload_retains_paid_entitlement
PASS per_contract_cap_limits_large_rewards
PASS extra_payment_does_not_reset_contract_cap
PASS feidie_rate_rounds_down_to_whole_crowns
PASS peaceful_contract_has_no_battle_sponsorship
PASS post_completion_victory_cannot_reopen_eligibility
PASS cancelled_contract_never_gains_sponsorship
PASS late_payment_cannot_gain_new_route_after_completion
PASS fallen_afei_cannot_sign_new_sponsorship
PASS absent_afei_cannot_sign_new_sponsorship
PASS old_version_completed_contracts_are_not_retroactive_rewards
PASS other_origins_do_not_gain_sponsorship_or_victory_flags
PASS both_native_and_mod_couriers_are_excluded_from_unlocks
PASS qualified_count_and_distinct_types_have_separate_accounting
PASS repeated_completion_cannot_inflate_either_unlock_metric
PASS native_contract_reference_forwards_type_without_membership
FAIL native_manager_reference_records_type_before_contract_is_cleared
